// Jest Snapshot v1, https://goo.gl/fbAQLP

exports[`<ToggleTheme /> should toggle between themes 1`] = `
.c0 {
  position: fixed;
  top: 8rem;
  right: 2rem;
  z-index: 6;
}

.c1 {
  position: relative;
  display: inline-block;
  width: 5rem;
  height: 2.5rem;
  line-height: 0;
  font-size: 0;
  overflow: hidden;
  color: rgba(0,0,0,0);
}

.c5 {
  color: rgb(207,207,45);
  right: 2.5rem;
  bottom: 0.2rem;
  position: absolute;
}

.c5 svg {
  height: 22px;
}

.c7:checked + .c3 {
  background: rgb(14,13,13);
}

.c7:checked + .c3:before {
  -webkit-transform: translateX(2.4rem);
  -ms-transform: translateX(2.4rem);
  transform: translateX(2.4rem);
}

.c2 {
  -webkit-appearance: none;
  -moz-appearance: none;
  appearance: none;
  opacity: 0;
  width: 0;
  height: 0;
}

.c2:checked + .c3 {
  background: #FFFFFF;
}

.c2:checked + .c3:before {
  -webkit-transform: translateX(2.4rem);
  -ms-transform: translateX(2.4rem);
  transform: translateX(2.4rem);
}

.c4 {
  position: absolute;
  cursor: pointer;
  top: 0;
  bottom: 0;
  right: 0;
  left: 0;
  background: #FFFFFF;
  -webkit-transition: all 300ms ease-in-out;
  transition: all 300ms ease-in-out;
  border-radius: 2rem;
}

.c4:before {
  content: '';
  position: absolute;
  width: 2rem;
  height: 2rem;
  bottom: 0.25rem;
  left: 0.32rem;
  background: rgb(14,13,13);
  border-radius: 50%;
  -webkit-transition: all 300ms ease-in-out;
  transition: all 300ms ease-in-out;
}

.c6 {
  display: inline-block;
  vertical-align: middle;
  overflow: hidden;
}

@media (max-width:440px) {
  .c0 {
    right: 3.5rem;
  }
}

<div>
  <div
    class="c0"
  >
    <label
      class="c1"
    >
      Toggle light and dark modes
      <input
        checked=""
        class="c2"
        type="checkbox"
        value="Dark mode active"
      />
      <span
        class="c3 c4"
      >
        <div
          aria-label="Icon Container"
          class="c5"
        >
          <svg
            aria-hidden="true"
            class="c6"
            fill="currentColor"
            focusable="false"
            viewBox="0 0 24 24"
            xmlns="http://www.w3.org/2000/svg"
          >
            <path
              d="M0 0h24v24H0V0z"
              fill="none"
            />
            <path
              d="M20 8.69V4h-4.69L12 .69 8.69 4H4v4.69L.69 12 4 15.31V20h4.69L12 23.31 15.31 20H20v-4.69L23.31 12 20 8.69zm-2 5.79V18h-3.52L12 20.48 9.52 18H6v-3.52L3.52 12 6 9.52V6h3.52L12 3.52 14.48 6H18v3.52L20.48 12 18 14.48zM12 6.5c-3.03 0-5.5 2.47-5.5 5.5s2.47 5.5 5.5 5.5 5.5-2.47 5.5-5.5-2.47-5.5-5.5-5.5zm0 9c-1.93 0-3.5-1.57-3.5-3.5s1.57-3.5 3.5-3.5 3.5 1.57 3.5 3.5-1.57 3.5-3.5 3.5z"
            />
          </svg>
        </div>
      </span>
    </label>
  </div>
</div>
`;
