// Jest Snapshot v1, https://goo.gl/fbAQLP

exports[`<ProductGrid /> should render 1`] = `
.c1 {
  -webkit-text-decoration: none;
  text-decoration: none;
  color: #0A1128;
  cursor: pointer;
  min-width: 30rem;
  max-width: 40rem;
}

.c2 {
  box-shadow: 3px 3px 15px #8c4bff;
  border-radius: 15px;
  min-height: 35rem;
  display: -webkit-box;
  display: -webkit-flex;
  display: -ms-flexbox;
  display: flex;
  -webkit-flex-direction: column;
  -ms-flex-direction: column;
  flex-direction: column;
  -webkit-align-items: center;
  -webkit-box-align: center;
  -ms-flex-align: center;
  align-items: center;
  position: relative;
  background: #FFFFFF;
  -webkit-transition: all 300ms ease-in-out;
  transition: all 300ms ease-in-out;
}

.c2:hover {
  opacity: 0.8;
}

.c2:hover p {
  color: #ff4a4a;
}

.c3 {
  margin-top: 1rem;
  display: -webkit-box;
  display: -webkit-flex;
  display: -ms-flexbox;
  display: flex;
  min-height: 26rem;
  -webkit-flex-direction: row;
  -ms-flex-direction: row;
  flex-direction: row;
  -webkit-align-items: center;
  -webkit-box-align: center;
  -ms-flex-align: center;
  align-items: center;
  -webkit-box-pack: center;
  -webkit-justify-content: center;
  -ms-flex-pack: center;
  justify-content: center;
}

.c3 img {
  max-height: 90%;
  max-width: 90%;
  -webkit-transition: all 300ms ease-in-out;
  transition: all 300ms ease-in-out;
}

.c4 {
  display: -webkit-box;
  display: -webkit-flex;
  display: -ms-flexbox;
  display: flex;
  -webkit-flex-direction: column;
  -ms-flex-direction: column;
  flex-direction: column;
  -webkit-align-items: center;
  -webkit-box-align: center;
  -ms-flex-align: center;
  align-items: center;
  position: absolute;
  bottom: 2rem;
}

.c4 p {
  margin: 1rem 0 0 0;
  font-size: 1.8rem;
  -webkit-transition: all 300ms ease-in-out;
  transition: all 300ms ease-in-out;
}

.c0 {
  max-width: 110rem;
  margin: 0 auto;
  display: grid;
  margin-left: 33rem;
  margin-top: 8rem;
  grid-template-columns: repeat(auto-fill,minmax(32rem,1fr));
  margin-bottom: 2rem;
  gap: 4.0rem;
  padding: 1.6rem;
}

@media (max-width:440px) {
  .c1 {
    max-width: 30rem;
    min-width: auto;
  }
}

@media (max-width:440px) {
  .c2:hover {
    opacity: 1;
  }
}

@media (max-width:440px) {
  .c3 img:hover {
    opacity: 0.8;
  }
}

@media (max-width:440px) {
  .c0 {
    margin-left: 0rem;
    margin-right: 0rem;
    margin-top: 7rem;
    padding: 1.6rem 3.2rem;
    max-width: 100vw;
    display: -webkit-box;
    display: -webkit-flex;
    display: -ms-flexbox;
    display: flex;
    -webkit-flex-direction: column;
    -ms-flex-direction: column;
    flex-direction: column;
  }
}

<div>
  <div
    class="c0"
  >
    <a
      class="c1"
      href="/products/3"
    >
      <div
        class="c2"
      >
        <figure
          class="c3"
        >
          <img
            src="https://res.cloudinary.com/djqrityvi/image/upload/v1652741206/botw_f71c3467c2.jpg"
          />
        </figure>
        <div
          class="c4"
        >
          <p>
            Breath of the Wild
          </p>
          <p>
            R$ 
            299.99
          </p>
        </div>
      </div>
    </a>
    <a
      class="c1"
      href="/products/4"
    >
      <div
        class="c2"
      >
        <figure
          class="c3"
        >
          <img
            src="https://res.cloudinary.com/djqrityvi/image/upload/v1652885589/xbox_series_s_c76de889b2.jpg"
          />
        </figure>
        <div
          class="c4"
        >
          <p>
            XBOX series S
          </p>
          <p>
            R$ 
            2099.99
          </p>
        </div>
      </div>
    </a>
    <a
      class="c1"
      href="/products/5"
    >
      <div
        class="c2"
      >
        <figure
          class="c3"
        >
          <img
            src="https://res.cloudinary.com/djqrityvi/image/upload/v1652885725/pokemon_arc_6e9e8de332.jpg"
          />
        </figure>
        <div
          class="c4"
        >
          <p>
            Pok√©mon Legends: Arceus
          </p>
          <p>
            R$ 
            349.99
          </p>
        </div>
      </div>
    </a>
    <a
      class="c1"
      href="/products/6"
    >
      <div
        class="c2"
      >
        <figure
          class="c3"
        >
          <img
            src="https://res.cloudinary.com/djqrityvi/image/upload/v1652886185/switch_lite_930f7ed900.jpg"
          />
        </figure>
        <div
          class="c4"
        >
          <p>
            Nintendo Switch Lite
          </p>
          <p>
            R$ 
            1599.99
          </p>
        </div>
      </div>
    </a>
    <a
      class="c1"
      href="/products/7"
    >
      <div
        class="c2"
      >
        <figure
          class="c3"
        >
          <img
            src="https://res.cloudinary.com/djqrityvi/image/upload/v1652886308/mouse_1_4ecc7dae98.jpg"
          />
        </figure>
        <div
          class="c4"
        >
          <p>
            Mouse Gamer Logitech G203
          </p>
          <p>
            R$ 
            129.99
          </p>
        </div>
      </div>
    </a>
    <a
      class="c1"
      href="/products/1"
    >
      <div
        class="c2"
      >
        <figure
          class="c3"
        >
          <img
            src="https://res.cloudinary.com/djqrityvi/image/upload/v1652740395/switch_db5ebe754b.jpg"
          />
        </figure>
        <div
          class="c4"
        >
          <p>
            Nintendo Switch
          </p>
          <p>
            R$ 
            2199.99
          </p>
        </div>
      </div>
    </a>
    <a
      class="c1"
      href="/products/2"
    >
      <div
        class="c2"
      >
        <figure
          class="c3"
        >
          <img
            src="https://res.cloudinary.com/djqrityvi/image/upload/v1652740674/ps5_8a252e1eaa.jpg"
          />
        </figure>
        <div
          class="c4"
        >
          <p>
            PlayStation 5
          </p>
          <p>
            R$ 
            4799.99
          </p>
        </div>
      </div>
    </a>
    <a
      class="c1"
      href="/products/8"
    >
      <div
        class="c2"
      >
        <figure
          class="c3"
        >
          <img
            src="https://res.cloudinary.com/djqrityvi/image/upload/v1652886391/mouse_2_5d45680167.jpg"
          />
        </figure>
        <div
          class="c4"
        >
          <p>
            Mouse Gamer Logitech USB G403
          </p>
          <p>
            R$ 
            159.99
          </p>
        </div>
      </div>
    </a>
  </div>
</div>
`;
