// Jest Snapshot v1, https://goo.gl/fbAQLP

exports[`<MenuLink /> should match snapshot 1`] = `
.c0 {
  display: block;
  color: #8c4bff;
  -webkit-text-decoration: none;
  text-decoration: none;
  margin-bottom: 2.8rem;
  font-size: 1.8rem;
  border-right: 0.5rem solid #8c4bff;
  -webkit-transition: all 300ms ease-in-out;
  transition: all 300ms ease-in-out;
}

.c0:hover {
  border-right: 0.5rem solid #ff4a4a;
  color: #ff4a4a;
}

@media (max-width:768px) {
  .c0 {
    border-right: none;
  }
}

<div>
  <a
    class="c0"
    href="http://localhost"
  >
    Children
  </a>
</div>
`;
