// Jest Snapshot v1, https://goo.gl/fbAQLP

exports[`<PurchaseCard /> should render 1`] = `
.c5 {
  display: inline-block;
  vertical-align: middle;
  overflow: hidden;
}

.c7 {
  padding: 0.8rem 1rem;
  background: inherit;
  color: #8c4bff;
  border: none;
  font-size: 2rem;
  font-weight: 500;
  margin-left: 0.8rem;
  margin-top: 5px;
  margin-bottom: 4px;
  position: relative;
  -webkit-transition: all 300ms ease-in-out;
  transition: all 300ms ease-in-out;
}

.c7:disabled {
  background: #DDDDDD;
  color: #FFFFFF;
  border: 2px solid #DDDDDD;
  -webkit-transition: none;
  transition: none;
}

.c7:disabled:hover {
  background: #DDDDDD;
  color: #FFFFFF;
  border: 2px solid #DDDDDD;
  cursor: not-allowed;
}

.c7:disabled::after {
  content: none;
}

.c7:hover {
  color: #ff4a4a;
  cursor: pointer;
}

.c7::after {
  content: '';
  position: absolute;
  bottom: 0.2rem;
  left: 50%;
  width: 0;
  height: 0.2rem;
  background: #ff4a4a;
  -webkit-transition: all 200ms ease-in-out;
  transition: all 200ms ease-in-out;
}

.c7:hover::after {
  left: 25%;
  width: 50%;
}

.c4 {
  color: inherit;
  font-size: 3.2rem;
  text-transform: none;
}

.c0 {
  display: -webkit-box;
  display: -webkit-flex;
  display: -ms-flexbox;
  display: flex;
  -webkit-flex-direction: row;
  -ms-flex-direction: row;
  flex-direction: row;
  width: 100%;
  box-shadow: 3px 3px 15px #8c4bff;
  border-radius: 15px;
  color: #0A1128;
  background: #FFFFFF;
  position: relative;
  padding: 1.6rem 0;
  margin-bottom: 2rem;
}

.c0 #close {
  position: absolute;
  top: 2rem;
  right: 2rem;
}

.c0 #close svg {
  height: 3rem;
}

.c0 a {
  cursor: pointer;
}

.c0 a:hover img {
  opacity: 0.6;
}

.c0 img {
  border-radius: 10px;
  height: 20rem;
  -webkit-transition: all 200ms ease-in-out;
  transition: all 200ms ease-in-out;
}

.c0 .c3 {
  margin: 0;
}

.c0 .c6 {
  position: absolute;
  bottom: 2rem;
  right: 4rem;
  padding: 1rem 2.8rem;
  border: 2px solid #8c4bff;
  background: #8c4bff;
  color: #FFFFFF;
  border-radius: 0.4rem;
  margin-left: 0;
}

.c0 .c6 a {
  -webkit-text-decoration: none;
  text-decoration: none;
  color: #FFFFFF;
}

.c0 .c6:hover {
  background: #6d39c7;
}

.c0 .c6::after {
  height: 0;
}

.c0 .c6:disabled {
  background: #DDDDDD;
  color: #FFFFFF;
  border: 2px solid #DDDDDD;
}

.c0 .c6:disabled:hover {
  background: #DDDDDD;
  color: #FFFFFF;
  border: 2px solid #DDDDDD;
  cursor: not-allowed;
}

.c0 .c6:disabled::after {
  content: none;
}

.c2 a {
  -webkit-text-decoration: none;
  text-decoration: none;
  color: #0A1128;
  -webkit-transition: all 200ms ease-in-out;
  transition: all 200ms ease-in-out;
}

.c2 a:hover {
  color: #ff4a4a;
}

.c2 #date {
  font-size: 1.6rem;
  color: rgb(141,141,144);
  position: absolute;
  bottom: 0.5rem;
}

.c1 {
  display: -webkit-box;
  display: -webkit-flex;
  display: -ms-flexbox;
  display: flex;
  -webkit-box-pack: center;
  -webkit-justify-content: center;
  -ms-flex-pack: center;
  justify-content: center;
  width: 45%;
}

@media (max-width:768px) {
  .c0 {
    -webkit-flex-direction: column;
    -ms-flex-direction: column;
    flex-direction: column;
    min-height: 45rem;
    width: 85%;
    -webkit-box-pack: center;
    -webkit-justify-content: center;
    -ms-flex-pack: center;
    justify-content: center;
    -webkit-align-items: center;
    -webkit-box-align: center;
    -ms-flex-align: center;
    align-items: center;
    padding-bottom: 8.0rem;
    margin: 2.4rem auto;
  }
}

@media (max-width:768px) {
  .c0 img {
    height: 15rem;
  }
}

@media (max-width:768px) {
  .c0 .c6 {
    left: 2rem;
    right: 2rem;
  }
}

@media (max-width:768px) {
  .c2 {
    width: 100%;
    padding: 2.4rem;
  }
}

@media (max-width:768px) {
  .c2 #date {
    bottom: 6.5rem;
  }
}

@media (max-width:768px) {
  .c1 {
    width: auto;
  }
}

<div>
  <div
    class="c0"
  >
    <div
      class="c1"
    >
      <a
        href="/products/2"
      >
        <img
          src="https://res.cloudinary.com/djqrityvi/image/upload/v1652740674/ps5_8a252e1eaa.jpg"
        />
      </a>
    </div>
    <div
      class="c2"
    >
      <a
        href="/products/2"
      >
        <h1
          class="c3 c4"
        >
          PlayStation 5
        </h1>
      </a>
      <a
        aria-label="close"
        id="close"
      >
        <svg
          aria-hidden="true"
          class="c5"
          fill="currentColor"
          focusable="false"
          viewBox="0 0 24 24"
          xmlns="http://www.w3.org/2000/svg"
        >
          <path
            d="M0 0h24v24H0V0z"
            fill="none"
          />
          <path
            d="M19 6.41L17.59 5 12 10.59 6.41 5 5 6.41 10.59 12 5 17.59 6.41 19 12 13.41 17.59 19 19 17.59 13.41 12 19 6.41z"
          />
        </svg>
      </a>
      <p>
        Price: R$ 
        4799.99
         | Quantity: 
        2
      </p>
      <p>
        Total price: R$: 
        9599.98
      </p>
      <p
        id="date"
      >
        Bought at 
        2022-04-30
      </p>
      <a
        href="/products/2"
      >
        <button
          class="c6 c7"
        >
          Buy Again
        </button>
      </a>
    </div>
  </div>
</div>
`;
